// Jest Snapshot v1, https://goo.gl/fbAQLP

exports[`Mapper simple 1`] = `
Object {
  "mutation": Object {
    "fields": Array [
      "acceptTopicSuggestion",
      "addComment",
      "addProjectCard",
      "addProjectColumn",
      "addPullRequestReview",
      "addPullRequestReviewComment",
      "addReaction",
      "createProject",
      "declineTopicSuggestion",
      "deleteProject",
      "deleteProjectCard",
      "deleteProjectColumn",
      "deletePullRequestReview",
      "dismissPullRequestReview",
      "moveProjectCard",
      "moveProjectColumn",
      "removeOutsideCollaborator",
      "removeReaction",
      "requestReviews",
      "submitPullRequestReview",
      "updateProject",
      "updateProjectCard",
      "updateProjectColumn",
      "updatePullRequestReview",
      "updatePullRequestReviewComment",
      "updateSubscription",
      "updateTopics",
    ],
  },
  "query": Object {
    "fields": Array [
      "node",
      "nodes",
      "organization",
      "relay",
      "repository",
      "repositoryOwner",
      "resource",
      "search",
      "topic",
      "user",
      "viewer",
    ],
  },
}
`;
